ˆ:*K¨:*KJKntìc¬SkSÌ[-l}2•ð„-dNl³•L|L|h[’­ÎŒŽlî”Œ|„0ïœK|©cêkl|0„ÎŒtm|ï”ï”L|J[Î„|„Œ|­„ÎŒ/•­„tî”„ŒLtl|ªc,ttêkëkÊkŽ„tM|ÐŒ-|Ìs¬ktN|N|¬kkc‹kìkìs‹c«c«kkc|O„ŒkÌko„N|.|J[Jc¬kkkÐŒ‹ktÌk-t-tësÎ„L|Ž„ìsìsttN|tðŒtÌkìkísŽ„ìkìk«cìk-t	S«kËkj[*[ÈJìs	[)[ŠkªctŠc•n|-t,tïŒ²¥-tËkMtM|„J[Ìs•ðŒrM|ŽŒM|-|Œ•n„íst-t‹císÌkìkÍsìkj[
[ìk«cís	[«c‹céRJ[‹c*[t
[ÈR
[	[	[©R‹c„Jckc„«kŽ„•tn|N|óµn|-tðŒ-tn|¯ŒRÐŒÌkíkkcN|‹c¬c«c¬c-tÈJJ[«k‹c«c
SŒcÉJ*[kcK[tÌktK[k[íkÌk¬ktísÍk¬k„ÐŒ-|ìsŒ1•1•„«kìsŠcêsËkm„ÏŒM|lJ[J[ÌkK[K[J[*S
S
S¬c¬kìkj[J[J[¬cìkËkËsŠkJcÈR	[*[*[kc	S¨J«kjc	Sjc«kìskcð”ÐŒìskc.|n„Ð”ÐŒkckc*[«kÌkìstísís¬k«k‹cÌk¬kKc¬kŒk*[
S
[	[kcJ[J[Šc«ckc‹cjc¬k*[J[kc‹cJ[èR¨JŠcJ[*[	[Êkjc¨J*|Ð”ÉRˆJKclkKcêRˆJhBHBÉRˆJJc|
[êR*[éRéZéZJc¨J‹kHBhJ'BHBKcí{+cÊRˆJÉR©Z©RˆJêZ‰JêZêZ©JêZÊRªR0|L[cÎkÊJêR©BÊJëRÊRÊRÊRêRSêRÉJ+SŒc
SêJêRêJ
K
K¨B©B©JêJÉJéRêRêRc/|îkK[êR
S+SÉJ
SÉJêRÉJˆB¨B¨B©J¨JˆB©JêR+S
S
SÉJÉJ¨JˆB¨J¨BéJÉJ¨JˆBˆBˆB©JKKKKícícêRŒ[-\*K©B©JÉJêR+[
SêR+S
K¨BÉJÉBÉB©B
KKK
CkSÍkÍ[l[
S+SÌ[‹S¬Sícð|líknldOtîk+SdÐ„³’tÐt“mlí[Ì[¬[NdukSêJÊBêB2:l[lS©B
C‰B©B+S+SêJ©BÉJ©BÉB©:*CKK.d+KÉJÉB*K*KnlÌ[Ì[éB*K
KêJ*KéBéBŒ[+K¯tM\©B'2©BH:KS(:G:©Bˆ:'2h:':§)§1§1f)È1‡)‡1‡)f)f)Ç1IB):§1é9‡)f)f)f)È1È1‡)*B¨1È9-c:IB¶­SëZ[hB:ªJ[t­T¥xÎ7¾ö½Ò”‘ŒKc+[Œ¬sÊZ±ŒŒÑ”±”s¥Ë{¥S­´µ¥n„T¥”­WÎøÞï{­k¨R
[ò””­Ñ”öµÌsŒk¾öµLcñ”o„ÌsÑŒŒctŒk:í{Kc.|F!ç9¹Î(:::/|p„­kÍkÊJ¥1'BÆ1hBÊRæ1¤)GBˆJGB:d)#!D!$!D!#Å)¥)C!Å1«sÄ1ÈRgB«c«kˆBís°„‹co„	SJ[§JgB	[	SM|ŠcªcfB	SèRtÈJÈJ¨JˆBJ[ŒkéRéRìs*[‹cM„•Ëk«kŽŒ|¬kjcÌsŽ„ík‹c*[ÈRkkJc¨J*cÌs«k|NŒŒ.|	[kkÌs-„r­¯ŒNŒŒì{	c„M|ñ”r­‹k.|‹c«kŽŒkc*[Jc
[J[KcN„¬k	[«kjkjk)c	cJkÌs	[	[«s«séZJk‹s„éZì{kkksðœ„ÌƒŽŒ,„*kMŒks¨RéZ§R‡Réb*k)c¬sÈZ¨Z	c¨Z	c‡Rì{õ½íƒ¨R	cJkJcŽŒjk-„-„ìsn„«sjkŠk)[ik[([Icic[jkÈJèZªktësL|Êkës„tËkŒî”ëkI[Š[(SËk«cªcªcjcj[¦R(cËkŠc«c*[-tèZës+„Ësësikìskco|•tjc•jc‹cï”«kËs«kGB«kjc®„ªs«kìsM„Îœq¥Qm|Ìkj[j[jcm„,t«ki[‡:èJËcISmtŠ[Š[Š[IS)S‹[«cn|kcèRjcÈRèR‹céRJ[	[¨J*S&:¨B«cI[Ìk¯„²­ŠcËkìkŠcM|ìs.|‹c‹cjc	[/|*[¨J|OŒ.„í{‹koŒoŒís‹k¨R¨J‹kjcgJ)[ÈZÈR	[	SKckcÈJk[GBÈJŠckc*[éZ::êZp„ÉRÈRkkéZÌsÌskk*c|¨J‡JÌs‹kŠkìsÌsìsJckc.|Ï”ðœkk|kkìs|«k|
[‡JéRÍ{‹kJcˆJ	cÈR¨JˆJÈR‹k*c‡BÉRÈRgJ¨RgB&:gBFB&:fB&:Å1&BÅ1:Å9¥1D)Å1Å1Å9æ9GBÅ1æ9æ9æ9¥1„1'B¥1Å1'B¥1¥1¥1Å9Å1æ9¥1„1Å1Å9Å1æ9Æ9æ9Å1æ9'BÅ1æ9'Bæ9HBæ9Bæ9GJhJ'B'J©ZˆRˆJˆR'B‰RhJGBhJhJˆRhJhJˆJ©RgJˆRGJ+cêbGJhJˆR©RhJ¨RˆJhRhJGJhJ©R¨RÉRéZêZÉZ¨R
c
cÉZêZ
c¨R
cêbˆJˆR©RˆJGJÉZ©R¨RhJ'JGJÉZhJÆ9'JÉZGJˆRˆRˆRéZˆRhJhJhJhJ'BˆJ©R©R©R©RÉZ©RÉZÉZëZhJêbêZhR©R©RˆRêZchJhJÊZÉZ+c(JHJˆR©RHJhJHB©RHJ'BHJÊZêb©RêZ©R©ZÊZÉZÉZ‰RêZ©ZhJgJ©R'B'BˆJGBHJGB&BB'B¥1å9GBæ9„)…1Å1„)Å9:FBGBå1‡JgB&BˆJå9¥)d!GBÅ1d!¤1¨R&BˆB&B¨J‡JGB&B&:gB:gBG:gB':&:&:2éJGB¨JhBGB‡JéRˆBGBhBˆBˆJ¨J*[éRGB¨JéR‡JÈRèR¨R
[
SŒkkc*[éR
SÉJˆJˆJéR
[*c
c¨RéZ‡JgB	SéRéRhB¤)K[ÉJ*[K[éR­kˆJ
SÉRKcêRˆJêRH:ÉR
[
[
[hBˆBhBˆBˆB*[d‹S¨JˆBç9e)¦)HBéRLc+c«k*c
cKc‹kéZ
[‹kjk	[tÎk¬sm„ìkJk‹sKckcÌ{Œí{ËsŒkís©JêRjc*SKc*SéJ
SŒc
SéJ*S¨BÉJˆBh:h:¨BG:hBÆ1‰JhB‰Bh:©BˆBÉJ
KÉJˆBh::ŒcîsˆB¨J«kÌkKc‹cÌkî{|/|ÎkK[ísl[l[¬klc¨B'2©Bh:ÉBk[ÉJ
K
KËKTKK*KÍc°t­[êBêBkS+K
CjKJCéBJK-\ì[MdìS¯líc‹SK[¬cKSéJˆBêJhBhBH:éJ©B©B©:ˆ:G:2G:
S(:2'2©B©BKSÌ[dl©Bh:
K+S­[
K
C¬[êBK[dkKJK®lkS*KhB::2HBˆB:h::H:‰B+ch::‰B:H:2ç12¦)†)†)§)†)¦)†)§)¦)§1†)†)¦1	:	:Ç1È1è1é9	:JBKB*BkBkBŒJ*B
:	:*B
:*:è1è9è9è1è1è1è9è1	:ç1Ç1è1è1Ç1è9è9è1Ç1Ç1é9é9è9è9è9é9	:è12Ì[+SS[ËJ[:2
KKSlSmc,SiBHBëR4X¾ÒŒŠJiBïs|ïsMcMcëZiB:(:‰JëR­kÊRiJÊRS‰JëRcc,[êRëR[­cîkík|3•³­Ó¥ptÉR‰JÊR[Ík/„/t+[:ˆBp|u¥ÑŒcLc/tp„ÑŒ®klnlcÊRêRhJ:$Æ)':æ1¥1¦)¦)G:Æ12Å1…)ªRMcÆ1„)D!…)$ããã$D!#ÃD!2¨J¨Jh:ˆB':h:)K)Cˆ:H:ˆ:hKiCÈ:G2	CH;ˆ:'22G2¥)†2;†2';¥)å1'Cæ)&2F:;Ç2ˆC§:CHC‡:È:ˆC¨B'2ˆB
KÉBÉBjS*K‹kkS)[«kn„ï”Œk[.llr•P…Î|mllmtmtŽ|ì[Í[­ccÍkp|tl[+[­k­k,[+[Îkt0|McŠJÊRªJÊJªJªJªJHB(:HB(:HBLc[[SL[­c­kcÍkt/|±ŒÎsLcmcL[L[[L[kLcªJÊRmkÑ”ñ”ískkŒS¥Œñ”s¥S¥¾wÎ·Î¸ÎVÆ“­ð”ñ”o„ðœÓµ5¾2¥ŒkJcVÆð”³µô½³µÓ½ØÖ—Îô½•“¥r­õ½s¥°ŒñœêZÍkÐŒñ”/|ÍsLc/„oŒ±Œîs/|O|ðŒ0totëR-cëR[o|/t[c[,SL[îkîkëRSëRËJëRm[Pt[‰BªJŠBm[®cŽkŽc®kM[ËRËJL[t²„ðsq|‘„q„±Œ®kïs/|„‘„q|Ptl[Îk‘|/l,[ŠBªBŠBŠBS,S-SSëJ,SïkŽc¯kQ|ïsÏkïs’„Ïk®kËJŠBjBËRÎsËR«JªJMc®s®sO„­k|O„ïsìRjBËJSªJmcÏkŽcÎc/dKLSSËJªB«B(2ËJŠJëJëJ,Sm[LSmSKªBªBÇ)­k2¥­k(2Ç1§)†)Ç1H:è1ªBÊB(:I:(:(:ëJ‰B(::‰JI:ËR‰B[Q|²ŒÒŒ•tr„²ŒtÎsT¾u¥óœ¾¹Ö7ÆÆÆR­Ñœîs®cq|t0t±„”L[:ªB­c°Œ/„ÎktÖ­•¥x¾7¶c3•W¶3Õ¥ö­Õ­3•7¶W¾Õ¥3•Ô¥OtªBëRÑ„ot“îkL[lc7¾W¾”l2°„ªJ‰Bç1ç1ç1§1§1©J-|íkLc„°„±„ñŒ¶ØÎxÆtO|“Tp|­kÒŒcªJëRL[©JªJªJªJIBHBHBc‘„Îsò”ÒŒªJ:M[Sm[®k,[iB¦)…)e!(:¦)HB¦1ëRH:ç12ç9iJ¦)ªJHB:HB¦1HBÊRêR©J©JÊRhB‰J:¦1HBK[S,[SëRH:Æ)I:2ªBêJÉJ‰BhB(:i:+Sl[­c(:¦)Ç1ç1ç1¦)ç1Ç1ç1‰B:ç92:Ç1(:(:iBç1HB(:Æ1¦1iBHBHB©JÊR,cÊR[,ckêRÎs[êZêZ
c­k­k||Í{|N„ÐŒO„¬slk/|ŽŒŒÎ”°”|kLcÎklcÍsÎst.|Ñ”N„Í{N„oŒí{Í{.„oŒŒÎs.|2ÐŒÐ”Q¥-„*cÌsŒs¬s+cÊR[Lc+[Lck¬këRªJëZ[ÊR+SÊJ[ëRëRªJëRëRëRªJÊJëRL[ŒkÉRÊR‰JÊR©JªRêRÊRÊR	[©JhBhB©JÊRÊRÊJªJÎkSl[p„ÎsL[©JHBjB(:‰BªJŠB©B‰:ªB‰:ªB(:ç1ç1ëRSiBëRS(:iBiBÊRÊR‰JÊRhBÊJªJL[ëRÊR‰JhBhBhBÊJKêRªJëR(:iB‰J+SSiBªB2222iB‰BiBëRËR,[L[ËRm[ÎkŠBªBSëR(:ªJLc‰BŠJëRëRÎklck|+[Slc©J[©J©JˆBêRhB©JK[GB©JKcÊRGBêR©Ræ1':HBÆ1¥1¥)::æ9'B::©JÆ1Å1:ÉR'B':hBGB‰JhBÉJˆBhBHBˆJhBhBˆJêRÍk
[H::ÉRG:HB::hB:©JhBGBhB:ÉJ©J¨JÉRˆJGB'B©JÉJ¨JGB©J©J©J
[êZÊR(:HBÊR‰B(:HB(B‰Jí[d*C	C
CkKkSÊZªRlkKhJŒcÉR©JÉRhBêZˆBˆJK[ˆJ©JÉRˆJkLcÊRLc©J©J+[K[ÎslcÊRêRG:¬c©JÉJˆBl[hB©JhBêJhBhB+[ÊR­k«c	SÎs©J
SêR
S­kêR
[lc+[ŒkKcK[ísK[2lcO|
[+[tR•o|ŒkÐŒlcÍkt*SÉJo|K[
S+[t|k[
SN|ÍkêR/|ŒkÍkLc©J+[|O|lc+[êRtêR+[Kcís|ÉRK[+[+[tæ1G:éRísJ[ÈJ2F:ÉJñŒ.téJÉJéJJ[	KíkK[*S*[éJÉJk[K[­c+SÉJÌcÌkÉJ¬c„o|-t«kt.|.to|Œc
Stn|•o|Ìk*S¬k‹[
KÉJl|­c+S¬ckcKS©J.tŒc+SK[l[ÍcíkK[Œ[©BŒ[­cÉJ¨B)S‡BéR*SéJJS¨B	SÈJt	SÌkÉJÉR„.tlcK[ík¬k¨JK[k[¨B.tO|¬ckcÍkÌkŒct•Ík-tt.|°„ÍkkcíkÍkN|ík¬cŒcís¬c¬k¬cðŒ¯„.tðŒ2••Ž„ËkìsN|¯Œ	SJ[«cÏŒR’¥n|kc-|¬kjcÍkŽ„¬kj[Ntj[J[ÌkNttMt	SJ[ìk«c‹[ìkj[lísísíkËkNt-t-t‹kísísíkkco„¬k‹c.|ísÌk.|N|¬kÌk-|jcÈJ	Sj[ìk-|tìk¬k«k¯Œn„ísN|.tŒcÍk¬k¬k|Kc‹ktN|kcK[íko„tŒÌsÌkN„Ð”-|M„Ìk¯Œn„Ìk«kªkj[I[)[‡BˆJkcèRjc	S	S*[KcJ[jcJ[¨J	SèR	[èRkc¬k‹c‹c¬ckc¬kjcÌkN|ŒŒN|«ktn|t‹cÎ„L|ïŒªcÎŒ[m„ªcLt0ŽŒr¥ëk¯„¬ktM|íso„N|O|o„|°ŒS¥2ÐŒÑ”´­ñ”lk[+[‹ck[kcÌkÌk)S§JËk)SËk)Sh|‹c)S)[S	SŠcHtI[i[J|ÊkŠcj[(tŠcJ[J[ËkìsÌk«k‹kÌkËkn|j[J[J[	S)SéR	SÈJÈJèJŠc‰c‹clÈJÌk	S*[‹c)Sfc)SÈJ)[jcjcŠc)S	[ìk	S)[J[«cj[ËkèRJ[gB§Bj[)S)[	SSS)[ªc	SÈJ§B	SéR	S§B¨J«kÌkjc‹cj[	SK‡Bj[j[ŠcÌkÉR|‹ckcJ[J[¬c¬kéRkcÍkjcèJJ[éR*[ÍkísŒckc„ˆJÑŒ*[ís*[*[ÉJ¬kKc°ŒÍs¬kŒko„‹cÌk„KSlÌkkcÐtÌkÌ[Ì[Ž„ÌckS
K	CkS*Kíc	C*S¯|ìk‹[ÉB'2'2ÉJ¨:Ntí[¯l.lnl¯l‹S-lð„ð|®|ð„³-d1}®|,t­„®ŒMlpÓ•íŒŒ|L|Î”L|+t+tL|ÍŒíŒŒ|„Œ„±­îŒ‰kŽŒm„©cÉkK|O‹kÍ„P•ªk,|0•-|m„‰c©cjc,|ëkM|M|ìs,tŽ„ÌkJ[N|ðŒt¬kn„-tíst‹císÍk„ÐŒN|.||-|n„-|n„„¯Œt¬kÌktN|tM|ªkËktësm|Ìk„N|tN|n|M|ìkísn|Ìk-tQ•n|ÌkËk‹c¨B)[ËkËk«cÈRÌkìsŠk«cïŒPÓ­q®Œm|ÏŒm|ësÊs«ktŠcmŒm„¯Œ-|ÐŒN„ð”ìs«sJc‹k«k®„M|-|¯„¯„tJ[ìs-tQís‹c¬k«ko„kc¬kìkík.tkckcÌk‹c¨RÉR*[°Œís³­Ž„tÌkŽ„„„-|t•Ëk¯„ÌktñŒR•N|NtÐŒðŒŒct¬ckc|1•ÐŒ-t‹cj[	S*[tÌk¬c
Skc¬k‹c*[¬cŽ„1•|«k¬cík‹c*[*[¯ŒŒctN„ÐŒ„ÐŒðŒÐŒ¯ŒN|Ž„I[ìsH[ÊkŠcÏŒísn|Ìkkc¬kŒc‹c*[K[
S¬ct	Sj[tìsN|‹c¬k-t)[)[I[JcKct¬kkc*S*[‹cj[)[«kðŒìk¯„M|ÏŒm|M|M|„¯ŒìsŒJc«kI[kcÌk„-|„¬k¬kìskckckcÍkÌkKc.|‹cJ[t-tl|Ëk«kËk*[jc‹c
[*[J[‹k‹c‹c*[¬k«k	[	StéRéRkkN„*[ÉJŒkKclk2ÊRGB*[)[Škì{¯ŒÌs
[êRêR
[ÉRˆJ¨R¨RÉZhJHJÊRÊRKcŒkÍsêZ
c
[©RÉR'BÉR©J©RHBéZªJªJt|kmcÎsêRêJÊJL[S‰B©JêJS+S+SÊJL[êJ©JÊJÉJêJÉJÉJÉJÉJÉJÉJ
SÍsŒcK[+[lcK[+SŒc+[éJÉJÉJ¨B©JÉRK[cl[S
S
S
SÉRÉJ©J¨BˆBÉJ©J¨BˆB¨J©J¨J¨BˆB©J©Bl[ÉJkSŒ[NlkS*K*KkK*KŒc©JêRêR
S
SlSŒS¨BÉBŒSÉB¨BéBJK-\Ì[nlŒSêJl[ík\JK*K¬S¬[JKì[R…ñtÍcêJOt.lNlŽlŽlŽd-d¬SjK	C+Kí[ŽdKS©B©BÉB22‰B‰BÊBêJ+K+Sl[l[©BS©Bh:KSh:ŒSÉBêJ¨B©BH:g:	C¬[ndŽtÍc.dMd
K©B*Kl*KêJ
S‰:I:IB‰BH:KKh:H:ˆ:ÉB¨:kSÉB:f)F!f)È1*B§1f)f)†)e)ç1):È1	:f)§1§1†)†)†)è9*BÈ1è9‹J«R«RóœîsO„LcÊRç9HBHBÍsòœöµxÆõ½„2´µ.|Lk||P„t­•­Œ|´µ¾3¥ÕµoŒµ­3T¥u­s­ÍkÑ”2oŒP„î{æ9ŒT¥‘Œ2s­±Œ7¾÷µ¶Ís3ŒÕ­”­±Œ­sÊRÉZ‹cÊRÐŒN„¨R%!g![[æ1Kc+[K[êR©J2ˆBhBêRLc:æ1gJÅ1':…)å1D!!!d)¥1¬kˆJ¥)&:ÈJL|n„j[ÊkËkÌkF:éRjctéJÈJŽŒJcJ[ˆBI[„n„icï”Ìkkc*[«kJ[¯„j[ÉRˆBl|t)[ÔµÐŒ„®„ð”¬Œn„-|¯„Ìkt¬k¬k.|éR	[ì{‹k‹k‹kVÆ-|ì{nŒísŒk¬sŒskkkcJcŽŒkk«sjkÌs‹kRQÌsÌk¬kjcJcísRt‹kkcJcÈR*cJc‹k‹kèZËs«s‹k	cËsM„*kkkì{-„«{)c	cjkN„”µ¯”ì{jkíƒ¥Jk
cõ½Õ½éZ)cÈRÈZébébJk‹s	cÈZJk‡J*kÈZkks­‹kÈZ)k)c)c|¯”èZÈRIcìsjk	[jkM„ËsËsªkIc([jcicic)cÈRªcL|ï”ËkªkM|PËkI[q¥‘¥I[ëkI[SjcÎ„|ës‰c)[ÇRèR,t,tj[Ës«kªk«sŠkŽŒ­Œ0¥ï”Ês‹k¬kÌs®Œ-„«k­ŒŠkŠkm„ì{«sèR)c|Ic[	[)cî”ÎŒ)[ªc-t«c®„ËcJ[Ï|Ï„ËcÈJ¨Bj[Mtj[Ž|Ž|n|tJS-tn|‹cèRŠcjcÏŒÌk0•t«cìst‹cJ[ÌkËkjcj[t
S	Sj[MttíkŽ„n„*[kc*[ì{«sìs*[¬sN„*c‹k«kkkkkjkÉRGB©JgB*c*cèZ	[Jc¨RÌskc‡BéRGB¨RéR	[‹kæ9èRéZGB'Bæ9ÉRÉZKkÉR(cÈZ)[)[éZjc‹k¬sÍs¨JËsÌséZN„¬kÌs‹k|n„||í{.„ís	[jcÈR*c‹kJc
[éZ	[ŒkˆJéRÈRKcéZ¨R¨JˆJˆJ&B&:GBGB‡Jå1:‡JGBgJ&B:Å1d)¥1¥1å9Å9Æ9æ9¥1¥1B¥1Æ9'BÆ9æ9GB'B¥1Æ1æ9Æ1æ9d)„1„1¥1…1¥1¥1Æ9Å9æ9B'Bæ9Å9'BHB'BBhJ'B'BGJGJGJÊZ¨RˆR'BhJ¨R‰RHJGBˆJhRhJhJhJHJ©RGJêZÉRêbÉZGJgJhJGJˆJGJhJÉRÉZ©RˆR©R©RgJ
cÉZéZéZ
[êbÉZˆR
[êZÉR*c¨R‰R©R©RÉZ‰RhJhJGJˆJˆJ'JˆRˆRæAˆRˆJhJhR©ZGJÉZˆRhJhJ©R©R'BˆRGJêZ¨R©RB©R©RÊZÊZ©RhR
c©RÉZ©R©R©RBKk
c+cÊZêZBhJHBhJˆJhJ©Rêb
cÊZÊZêb©ZéZêZ©ZÊb©Z©R©R'JˆRÊZ‰R©R‰RHJ'BGBˆR'B'Bå9GJ'B'B'Bæ9æ9¤1æ9:å9&BgJå9éZgB&Bå1FB„)„)Å1¥1gJå9GBFB&:¨RFBå1å9:&::å1å1å9&:'::'::hB:å9Å1æ1&:gB&:ˆJ¨JgB‡B:éRJc‡BGBgB	[‹kísˆJéZ¨RÍkKcíséJJ[¨JgB¨JÈJ¨R*[JcJc¨R¨RkckkéRÄ1æ9¨JgJ':hB
S	SêZ©J
[ÉR*[hBéR¨J&:ˆJ
[lc*[
[ÉJˆB©B‰J¨JêRGB©RKk‰B…)¦1(B„Ís
c„
[kcêZÉR	[ÈZJcÌ{*cKckkÌsÎ”„jkÈZí{/„ÉRJc‹s‹kŒcŒkkcéRÉRÌkN|Kc
S
S¬cl*Sk[Ík¬c
KªJÊJG:ˆBéR:ÊRˆBêJh:©Bh:êRKcÍ[+SKSh:ÉJk[Jc¬kkc°ŒlcŒc.|t+[­klc¬kÌsN|o|¨BˆB*S©Bl[ÉB+S‹[
SÉB\í[kKêBKSl¬[©BícÉB*Kh:êJŒ[kSÉBì[®d}Nd\ndd¬S
S©Bˆ:­cÉBŒ[©B(:H:©BêJ(:H2H:‰Bh:ˆBˆBÉJˆ:h:©B‰Bh:êBl[Œ[©BêJKS+K+SÊB‰B­[Œ[©B‹SKK\r1}kK
KNd(:ˆBH:':êJ©Bç1(::êR‰BH:ªJ[(:h:Ç1Æ)ç1G:‰J†)†)¦)¦)†)†)†)§1¦)†)†)ç9
:È1È1è1è9*B
B	:JBJBKBKB*B*B‹J*:	:Ç1È1	:è1è1è1Ç1è9	:è1é1è1è1è1è1È1Ç1Ç1è9è9é9é9è1	:è9é9	:KR…¬[JKêJkB‰:H::JK+KêJîkÊJ(:2L[µ­Ö­mc:iB[Ïs,[ªRªR‰JiB‰J:(:‰JËRiBHBÊR[S[0tÓ„P|[ÊR,[Îkîs-t°„Ñ”S•S¯„ÌsÉR[KcO„‘„O|L[hB2mcñ”T®kSlcmcŒcL[L[K[¬cªJÊRç9¦)e!e!Ãd!G:æ1…1e)…)2¥)$!æ1Å1d)Ç1IBd!¥)d!#!$!D!$$!„!„!D#$ãd!Æ)G:G:G:iSh:g2ˆ:ˆ:ˆ:H2ˆ:'2èBˆ:è:È:¨:ˆ:2Æ)…!æ)ç2G3f2æ2¥);çSÇ[†2ˆCG;ç2è:hC(;hC‡:¨:§:èBˆ:ˆB)SéJgB©JjSéJÊRéJ¬kO|pŒO„íc…Ž|ð|Md«c¬c,tìcŽlð„Ík-ld/tOtOtîkdíkÎkt,[l[cO|‘„P„,[ëRÊR©JªJªJªJhBiJªJiBªJëRLc,[+[,[êRÎk+[c+[ëRL[Mc[ÊRÊJ,[ÊJªJëRLcëRëZ+[ŒR¥|ŒkÍs°”s­õµ°„ÑŒÔ­¶W¾—Î¾s­ôµ³­1³µ6Æ³­°ŒN|-|r­¾6Æô½Q­6ÆùÞØÖ³µ1¥¯ŒÐŒ1“­•Œí{
[o„´­ŒO„Œk­k|2¥pŒO|.|p|Q•otªJ,[ÍkÊJL[ÍsÎsLc,[ÊJ,S[­c[ïk®k®cM[,SëR-[[,[ªJI:ªBM[ÏktP|tSîk/tP|tŽkc®kïkP|t|0„P|/|O|PtptlPtptt«JSSªJËJªBªB,S,SìJëJ,SŽcq|’„ÏsQ|q|ÏkŽc,S«JìR«J[mk«JŠJªJ,[jJ,c|LcLct,[I:I:I:ŠB«JíRìRëJKKSëJŠBI:ªJëJªB	:ŠJ	B«JKËJ):jBËJËJËJè1ŠJIBÇ1ç1I:(:i:‰B‰BëJ+KªBªBLSªBiBªBH:ç1(:IBIBËRËRëRÎk‘„ó”q„ðsq„’„ïs0|Q„¶­ÒŒkpŒÕµ˜Ö—ÖTÎô½ôÅoŒ[mcM[cÑŒT•ò„‘|m[L[îs|/|ëJïkPt”ö­c3•W¶ö­3•3•öµúÖ¹Î´¥W¾ö­ò„îcLSKîk|p|°ŒÑŒîsL[l[cÐ„Ð|l[ªB†!Æ)¦)†)ç9+SK[­c­c©J­ko„|kµ­¹ÎÕ¥st±„Ñ„‘„‘Œ[ËRÎkMc§1¦)ç9Ç9©J:‰J0tÒŒT¥T¥ÎkîsÊJS‰B¦1Æ1ç1(:ç12†)è1H:Ç1(BiB(:¦1ç1(::(::(BHBe)©J©JHB©J+[L[HB…)E)¦1©J(:êRSëJëRHB::¦)ç1(:ÊRÆ1¦1:H:HBêJl[(:ç1ç1Ç1¦)¦)Æ1(2ªJÊJç1:ç1Ç1:(:ªB:¦)Æ1¦1iB(::iB[ëZêR[ëZêRÊRLc­k[[kk*ckk­k[‘Œ|Í{Ístkls+ck.|ŒŒnŒkkï{LcÍsîslkŒo„ŒS¥o„oŒÌ{-„­sÍ{Í{ÍsO„Ñ”ŒÑ”Œ„ðœQ¥
[ÊRÊR­k+cêRëR­kmccÎsL[[ªJªJ[[‰JÊR‰JÊRÊR‰J‰JªJªJªJëR,[[ÊRªJ‰JëZëRêRëRlc*[hBkc©JHBHB‰BªJhBêR­këRëR+SîsKcHBHB(:(:ŠBªB,[S(:(2(2‰Bi:2æ)i:ëR‰Bç1ªJëRL[ªBêRkÊJ(B©JªJÊR©JêRªJÊRL[SëRëR©JLcêRL[©JëRSªJ+S,[,S‰BªJiB2ŠBiBH:hBŠJªJ,[ŽkŽcëR,SëJëJIBH:2ÎkëRªJ‰BSS©JLcLcÊRêR‰J‰JhB©JÉRhBhBHB©J©R©RhBêRhBHBæ1©JHB'BGBHB::æ1ÉRˆJ©RÆ1:':'::æ1:HBhBêRKc¨JˆJÉRK[k[êRhBˆJêR+cˆJhBlc
SÉJ©JH:GBGB':hJ¨J::':ˆJ':hBG:¨J':GBGB©J©JˆJêZ'BˆJ©JˆJ
SÎkÊRÊR[ÊRÊJ:HB,c‰JˆJ¬[\kK	CÉBÉB[[kKndkKêZ©R©JêR©Jlk©J©RÉRÉR
Slc©J‰BÉR©R©J©J‰J©JêRÉJ©JÉJhB¨BhBK[ÉJ¨J)ShB©JG:©JlcK[‡:	K©J+[k[lc+[KckccOtK[K[O|îslckcÍsK[lcŒkísŒkŒcKclcÍk„K[+[/|ŒcK[J[k[lK[éJ­ckc+Sl[
Slc¬cêRK[êR[éZ[Ík
[*[O|ís	S
SŒcKc
ShB©JhB¬kÉJK[lc
SÊJís«k)[FBÇJ§Jtk[*S	S
SéJ*[*StÌkJ[ìkM|¬k¨B
SðŒ*SK[ŒcKS¬cŒck[n|‹ck[K[l2•k[Œc¬c‹kn„‹c¬ckc‹c‹cŒc
SŒcl[*SÉJêJ­c.ll[K[íkl[Œc
SK[k[K[ÉJ+[lc­c+S+[K[*[	S)[j[¬kK[Ml¨B¬cJ[F:¨Jìk‹c‡BéRkcÉJ¬k*[kck[K[o|Œc¬kk[o|k[íkkckc
Sk[ÌkN|ÌkísŒc.t.t.|l°„°„kc.tK[¬kkcŒctJ[.tn|ËkÐ„tÌc’¯„-tŽ„ŽŒM|n|„ìkìk‹kÌkn„t-tt„Nt-tn|¬c«cl-tìk-t)[‹cJSj[n|«c«c«cÌkMt,tlÐŒÌk‹cÌkð”.„ÌkŒk	[ìkJcÌkkc‹cìkÌsÌs‹k«cjc«kj[-|t‹cÐŒ	[	[
[ísJ[o„„o„ð”N„tíkm„Ìs*[ŒkŒíso„ísík¯Œ°Œtð”n„.|-|kcðŒÏŒ‹cjcj[ÈR	S‹cSjc¨J‹cªkçJ«c‹k‹kìsjc«c	[)[Ës)cJ[ÌkÌkÌkÌk
[kc	S¬k«k«kñ”tÌkt«kËk,t|•QïŒli[,t)[L|L|,|m|ttM|J[¯„M|Íko„o„n|o„t°„„ñ”°Œñ”Ñ”Ñ”Ñ”|o„ttÌk‹c¬ck[)S¨BHSj[ÌkJ[KèRi[«k'|t¯ŒëkËc	SJ[Šc«k«kSi[J[ìk‹k¯Œ-|Ëk	[‹cttèRÈRt	SM|J[	S‡Bj[	SÈJ‹c‹cJ[*[ës	S*[Ëk¬k*[ÈJ«c*t)SèRŠcËk«cÈJS)Sj[èJI[ìs)[ìs	[ŠcŠc	S¨J‹c§JçJèJÈJI[(SgB«kJ[	[)S¨JŠcèJ	SÈJÈJ«c	SKc)[M|‹cìs	S¬kJ[éR¬c*[¬k
S.|k[tm|kc.|l«cÐŒŒcŒc¬kkcísK[tŒc¬kÍkÍkêRO„t‹císN|¬k-|Ð”.lÌk„ís¬S-\+KKKNlkS¬[KKÍ[NlŒ[¬[*S*K«[‹S‹[¨Bh:(2©BéBˆ:éB¬SÐ|Žt5¦®l«[-lËSMdÓdð|dõ¥0…ÎŒ­„Ó•Q…KtL|ï”ëk•l|êkêkl„„ÍŒësêk/¥•ÎŒÏ”|Œ|k|k|­„ï”„q­Œ®ŒòµP„p¥ëkëkËkÎŒtM|m„-tt®ŒM|Ëk-|o„„tÐŒísŒc-|°ŒN„-tísŽ„tN|¯Œ-|ìsÌstt-|ìs*[ísjcÌk-t-|M|®„ìsm|tm|N|tN|t-tM|-tìk-tn|ìst-tŠc«cËkïŒŠci[®„J[ësicjcM|«cn|ôµÓ­•Ëki[ªk®„M|JctŠcM|qM|³­Ž„1•t«kt0•Ž„ìs¯Œ¯„ŽŒ1•M|«kJ[¬kðŒ„2ìs‹c*S-ttJ[Ntn|Ð„n|°Œ-|‹c*[Ìk.|-tÌkJ[	Sìs¬kN|ÏŒìs••tn|j[ìktŽ|N|„¬kÌkNt‹cN|„-|ËkŽ„‹cJ[ìkŽ„*S*S|k[tJ[*SÌkJS¬c1•“¥-tŒc
SJ[Ìk¬k|O|Ž„-t¯„N|o|ÐŒrrN|N|t«k„Jc«kŠcÌkn|RÌk
[
[kctlÍkÌkn|ìk‹cìk*[‹cn|ÌkÌkM|ËkèRJc‹ckc‹cjcjc‹c	Sìkìs«cm|ÐŒ„tªkŠk,|®ŒŽ„¯Œ‹ktìsjctJc«k
[«cÌkN|‹c«k‹c*[.|KcÌkkc.|.|kcëk‹c,|ësŠcèJjcìk*[JctÌk«kìsJ[‹ckcísjc¬kìkísískckckk*[kckcíshB'B':¨J
[¨JŒkJc¬k*[Ð”Ž„ÌsÊRÉR‹khBˆJˆJÉR©RhJÊRlklk¬sŒk©RKc©RˆJhJhBéRˆJ'::ëZªJmcP„ÎsÍk­k­klcÊJªJ©JÊJ
SSÊJÊJêJÉJêRêJÊJ©B©B©JÉJ©BÉJêJ©JêRêRÉJK[K[ÉJ¨B¨B©J©JÉJ
SêRêR
SêJêJêRéRÉJ
S+SéRÉJéJ©J©B©B©J©J©JˆBˆB¨B©J©BÉJÉJ©J©J©JêJÉJJK¬[	C	CŠCK[ÍcÉBKSêRSÊRêJJK+S¬c
Kt+SKS	CÉJêJêJKS©B©JêJ
KÍk.l¬SícÍ[‹S
C¬SícKSÊJ+S¬[ì[d}1}ŽdŽlkS*KÌ[Í[.dlêJ‰B'2ç1‰:¬SêBkS
K
KÉBLS‰B©BÊBÊJKÉB[ÉB*KÉB©BˆB'2h:*KícMdMdŽlkS*K©BÉB¨:Œ[‰B2Æ)'22æ1'2H:ÊB©Bç1G:©:êJÉBÉBÇ1‡)E!f)§1‡)f)e)†)‡)f)†)E!§))::†)È1*B§)È1)B:È1é9è9‡)jJ²”Ñ”ktÎsiJ‰JÉZêZ/„ÎsÖµxÎö½ÒœO„ÉR°”‘”­kpŒísÕµòœÑœs­2¥¥¥”´µµµ°ŒoŒÐ”o„Ñ”ÑŒs­kpŒ‘ŒS­Ô½S¥µ­„ò”ò”Öµ|W¾”¥7¶••ÌsÍk‹c+[N|ís|‹kN„ä:tK[©JˆJ2Œc+[L[®k:#!GBGBGB¥)¥)„)¥)d!d)d)å1Å1&:hB&:&:IS1•´­ìk&:	SF:ÈJéRjkÌk‡:)Sªcìkìs)[M|‹ctŽ|-tkc¬k¨JŽ„éJJ[ÉJìk„¬kŽ„m|ñŒ¬k
|ÐŒ®Œ¯ŒÎ”|Ìkt-|n|Mt„-|‹k‹kìsËk|ð”Œ¨RJckk*cí{°”.|ÍsN„)c	[Ì{ÈRÈR|ôµJk«k*[ÈJkcÌs-|-|.|Ìs¬k*[t*[I[ìs)c)cèZ	[)c«s«sM„Ïœïœ”‹sJkMŒì{‹sÌ{kk)cì{ˆRNŒ«sÌ{“µõ½õ½jkt­*c¨RJk*kÈZÈZ‹sjs	c*kJkJkéZ³µÔµ¥Ì{	cIkJkJc§RËsì{ìsŠkŠkªkL„ësªkësŒIc[IcŠk)[ªkÊk‰kªcŠcicÊstËktM|ŒËkìkËkËkŠcI[ëk([([ªcm|i[ŠcÎŒicL|ÊsŠcŠk	SÌkQ²¥n„	S*[	[ÌkÌsJk|ik«kn„­ŒÒµ­”Ësm„ð”,|M„[Î”1*[tËsŠcÏ„Ž|ISÈBt-tj[ntèJéJ)SŽt,lŠ[mtk[Ë[Mtsn|-tŠcŠcìkŠcŠc‡B:‹c)S	SkcJ[Ž„°„kcJ[éRkcM|M|-t-tìs‹k|J[	[ì{‹kkkÉRJkJcÍs	[¨Rí{êR
[Jc¨R*[*c¨RÈRkc)cå9kcís&:ˆJ¨J:‡JÈR¨JJ[èRkc*[ˆJ'::¨JhJÈZjk	[éZJc‹k«kËsÈR	SJc«kí{ìs«k.|jk|jc	[kc)[Ísísí{«k«kéR	[‹k
[jcKc‹kéR¬kÉRgB¨JGBFB&BgJGB¥1¨RFBå1GBÅ1&:Å1å9&:GBÅ9Å9Å1¥1¥1¥1Å1d)Æ9¥1¥1æ9d1Å1Å9Å1Å9æ9æ9¥1Bæ9¥1:„1¥1¥1¥1„1¥1:æ9'B'Bæ9GBæ9GBGJhJˆRGB'BGBGJGJGBBBˆRB©RGJGB©RÊR©R‰RhJ¨RÉZhJˆJGJ*céZÉRÉZÉZêbêbéZgJhJhJ¨RÉZ
cÉR¨R©R‰RÉZêZêZéZÉZÉZÉZGJéZêZêZÉRÉZÉZÉRcÉZGB©RBhJ©RˆRhJ'JˆJˆRHJhJ'JˆRêZ‰R
c©R‰RéZˆRˆR©R©RhRHJBÉZˆJÉR©RˆRêZcÊZÉZ©R
c+kˆJ‰RHJKkêZ
c
cêZ
c
k
c¨ZGBˆRHJ©ZkLk©Zêb©RÉZcêZˆR©ZÉR©ZÉZ©RˆRgJˆRˆRhJˆRiJlkBHJæ9Æ9GJˆJhJGBGB'B::FB&B&B:::¥1B::å9d)¨Rå9:::å1:§Jå1¤1:å9FBå9Å1å9ˆJgB&:ÉRGBFBgBG:':GB&:gBGBgBˆBˆJ¨JÉR‡J‡JÈRgBéZgB
[	[ÈR§JFB	[ÈRèRÈR
S‡B*[JckkÉZ*[	[ÉRÈJ	[ÈRÉR‡BéRèRéZkk©RGBHBhBkcgBGBhJ':'B'BéR':êR©J©JêR©JhBÉJh:ÉJÊR':©JêZ
[':¨J¦)D!Æ1HBt¬kŒs
[¨R+cÉRÉZí{«skc-|M„M„«sJkì{ì{kcKcísN„ísŒcŒÌskcn„Ës*[*[¬k.tík.tjcéJJSt¬k¨BÈBK[':'2HB‰JÊJ¥):[+SêJ¬[©B
S
SêJl[ÊB©B©JK[KcKcÌsîsí{íslcKcŒcL[­c|ÍkéJK[*[éR¬kéJÊJ©B©B­k¨Bˆ:Md*C
K©B
Kl‰:(:KS+K©B‰B
Sl[Œ[*KM\}NlÌ[Nl*K¬S
SêJH:H:
Kl[êJ(:HBªJÉB©B
K‰:H2êJH:h:ÊJ+S‹S¨:ˆB(2©BÊBŒ[KSêJÉBˆ:©B©BêJh:êJÉJ
K‹S°ŒkSŒ[Œ[':ÊJ':HBÆ1h:hBhB:êRiBHBç1ç1:©J
[(:©JÊJHB©BHBˆBç1¦)†)†)¦)†)¦)¦)¦)†)†)†)Æ1	:	:è9è1è9*BKB*BKB*B*:):*:ŒJŒJ*:é9è1Ç1Ç1è1È1è1è1è1è1*Bè1è1é9é1Ç1è1è1È1Ç1È1è1	:	:::	:I:ö­°„+KhB©B+SÊB):
KS):cªJiB(:ÊJïsq„ËRH:iB,[qŒLcªRëZ[,[ªJHBiBªJªJ‰JiB‰JëR[S[mcÎkëRêR[Žktt0lòŒ2•R|loŒO|­kp„Ñ”p„p„+[[k®ktÎk[ÊJêR‰JhBŠJÊRëR‰J(:(:ç1:‰Rç1…!2f!†)…)D!Å1Å)G:a!(B#æ9D!C!…)d)D!d!#ã¦)&:*G:‰KgBg:G:G2G2&2Å!©BÉB¨:¨:¨B‹TÉC'22;æ1Æ)‡2GKæ:*g;;G;«d&K'\‡CÇCèCç:ªTk\éKC&2C‡:Cˆ:¨BèJˆBÉJéJéJ
[ÍsK[‹[l[.tÎ|Ïtït…-díc®tMlŽ|tR¯t°|Ñ|Ñ|°„OlÍcÐ|Ð|ÍkÍkmc­clS+SLc,cªJiB‰B‰JÊRëRS‰JŠJiBÊRS,[ÊR[SªJªJL[l[,[+[+[ÊJëRªJªJÊJëRëRªJ‰JëRëR‰JÊRÎkò”°Œ|*[¬kñ”õ½wÆ´­°Œs­VÆ¸Ö¸ÖVÆVÆwÆs¥Œs¥2s¥°Œo„ð”³µvÎô½’­4¾·Î·Îr­“­ÐŒ„Ð”ñ”.|KcêZ/„”­ñ”°Œ|ÍslcŒpŒ­kk,[ÏŒt,[ttëRl[ëRlctïkm[OlÑ|ò|3îkS,[M[ëRËJS[ŠB«JŠBŠBM[tÏk0|°„•ó”‘„t®kMcL[®kÎkîsP„P|‘|/tOtllPtPtM[cM[Sm[ëJªBjBìJËJSŠBŠBËJ®cÏktQ|P|ÒŒ0tÎk[ËJËR-[[«J«JªJªJëRLcLc[ëZ|,c):J:ŠBŠJ«Jm[ëJjBËR«JŠBªJŠBI:Ç1McÎkOtîsëJiJSëRÇ12ŠBiBI:ªJ,SKLSëRªBªBÇ)iBK©Bç1i:‰B,SLS‰B‰B(2(2Ç1:IB:iBëRMc«JM[ðsM[M[ÏkÏk0|±ŒÓŒtM[Îk®kT¥T¥öµ³µÕ½5ÆÆ”[ÎsŒP|3•T•P|o|ñŒ